2025/07/14 13:47:22 [error] [exception.ParseError] ParseError: syntax error, unexpected end of file, expecting function (T_FUNCTION) or const (T_CONST) in C:\wamp64\www\mobarat\protected\controllers\SiteController.php:490
Stack trace:
#0 C:\wamp64\www\YiiApps\framework\web\CWebApplication.php(276): CWebApplication->createController('schoolDetails/')
#1 C:\wamp64\www\YiiApps\framework\web\CWebApplication.php(141): CWebApplication->runController('site/schoolDeta...')
#2 C:\wamp64\www\YiiApps\framework\base\CApplication.php(184): CWebApplication->processRequest()
#3 C:\wamp64\www\mobarat\index.php(27): CApplication->run()
#4 {main}
REQUEST_URI=/index.php/site/allPoster?r=site/schoolDetails&project_id=10526
---
2025/07/16 12:44:53 [error] [php] Trying to get property 'school_id' of non-object (C:\wamp64\www\mobarat\protected\filters\ProjectFilter.php:91)
Stack trace:
#0 C:\wamp64\www\YiiApps\framework\web\filters\CFilter.php(40): CFilterChain->run()
#1 C:\wamp64\www\YiiApps\framework\web\CController.php(1145): CAccessControlFilter->filter()
#2 C:\wamp64\www\YiiApps\framework\web\filters\CInlineFilter.php(58): ProjectController->filterAccessControl()
#3 C:\wamp64\www\YiiApps\framework\web\filters\CFilterChain.php(130): CInlineFilter->filter()
#4 C:\wamp64\www\YiiApps\framework\web\CController.php(291): CFilterChain->run()
#5 C:\wamp64\www\YiiApps\framework\web\CController.php(265): ProjectController->runActionWithFilters()
#6 C:\wamp64\www\YiiApps\framework\web\CWebApplication.php(282): ProjectController->run()
#7 C:\wamp64\www\YiiApps\framework\web\CWebApplication.php(141): CWebApplication->runController()
#8 C:\wamp64\www\YiiApps\framework\base\CApplication.php(184): CWebApplication->processRequest()
#9 C:\wamp64\www\mobarat\index.php(27): CWebApplication->run()
REQUEST_URI=/index.php/project/projectUpdate/prjid/favicon.ico
in C:\wamp64\www\mobarat\protected\filters\ProjectFilter.php (91)
in C:\wamp64\www\mobarat\index.php (27)
2025/07/16 12:54:32 [error] [exception.ParseError] ParseError: syntax error, unexpected end of file, expecting function (T_FUNCTION) or const (T_CONST) in C:\wamp64\www\mobarat\protected\controllers\SiteController.php:483
Stack trace:
#0 C:\wamp64\www\YiiApps\framework\web\CWebApplication.php(276): CWebApplication->createController('schoolDetails/')
#1 C:\wamp64\www\YiiApps\framework\web\CWebApplication.php(141): CWebApplication->runController('site/schoolDeta...')
#2 C:\wamp64\www\YiiApps\framework\base\CApplication.php(184): CWebApplication->processRequest()
#3 C:\wamp64\www\mobarat\index.php(27): CApplication->run()
#4 {main}
REQUEST_URI=/index.php/site/allPoster?r=site/schoolDetails&project_id=10028
HTTP_REFERER=http://mobarat.co/index.php/site/allPoster
---
2025/07/16 12:54:49 [error] [php] Undefined variable: baseUrl (C:\wamp64\www\mobarat\protected\controllers\SiteController.php:467)
Stack trace:
#0 C:\wamp64\www\YiiApps\framework\web\actions\CInlineAction.php(47): CInlineAction->runWithParamsInternal()
#1 C:\wamp64\www\YiiApps\framework\web\CController.php(308): CInlineAction->runWithParams()
#2 C:\wamp64\www\YiiApps\framework\web\CController.php(286): SiteController->runAction()
#3 C:\wamp64\www\YiiApps\framework\web\CController.php(265): SiteController->runActionWithFilters()
#4 C:\wamp64\www\YiiApps\framework\web\CWebApplication.php(282): SiteController->run()
#5 C:\wamp64\www\YiiApps\framework\web\CWebApplication.php(141): CWebApplication->runController()
#6 C:\wamp64\www\YiiApps\framework\base\CApplication.php(184): CWebApplication->processRequest()
#7 C:\wamp64\www\mobarat\index.php(27): CWebApplication->run()
REQUEST_URI=/index.php/site/allPoster?r=site/schoolDetails&project_id=10028
in C:\wamp64\www\mobarat\protected\controllers\SiteController.php (467)
in C:\wamp64\www\mobarat\index.php (27)
2025/07/16 14:38:06 [error] [php] Undefined variable: posters (C:\wamp64\www\mobarat\themes\classic\views\site\all_poster.php:101)
Stack trace:
#0 C:\wamp64\www\YiiApps\framework\web\CController.php(869): SiteController->renderFile()
#1 C:\wamp64\www\YiiApps\framework\web\CController.php(782): SiteController->renderPartial()
#2 C:\wamp64\www\mobarat\protected\controllers\SiteController.php(350): SiteController->render()
#3 C:\wamp64\www\YiiApps\framework\web\actions\CInlineAction.php(49): SiteController->actionAllPoster()
#4 C:\wamp64\www\YiiApps\framework\web\CController.php(308): CInlineAction->runWithParams()
#5 C:\wamp64\www\YiiApps\framework\web\CController.php(286): SiteController->runAction()
#6 C:\wamp64\www\YiiApps\framework\web\CController.php(265): SiteController->runActionWithFilters()
#7 C:\wamp64\www\YiiApps\framework\web\CWebApplication.php(282): SiteController->run()
#8 C:\wamp64\www\YiiApps\framework\web\CWebApplication.php(141): CWebApplication->runController()
#9 C:\wamp64\www\YiiApps\framework\base\CApplication.php(184): CWebApplication->processRequest()
#10 C:\wamp64\www\mobarat\index.php(27): CWebApplication->run()
REQUEST_URI=/index.php/site/allPoster
in C:\wamp64\www\mobarat\themes\classic\views\site\all_poster.php (101)
in C:\wamp64\www\mobarat\protected\controllers\SiteController.php (350)
in C:\wamp64\www\mobarat\index.php (27)
2025/07/16 14:43:22 [error] [php] Undefined variable: limit (C:\wamp64\www\mobarat\protected\controllers\SiteController.php:319)
Stack trace:
#0 C:\wamp64\www\YiiApps\framework\web\CController.php(286): SiteController->runAction()
#1 C:\wamp64\www\YiiApps\framework\web\CController.php(265): SiteController->runActionWithFilters()
#2 C:\wamp64\www\YiiApps\framework\web\CWebApplication.php(282): SiteController->run()
#3 C:\wamp64\www\YiiApps\framework\web\CWebApplication.php(141): CWebApplication->runController()
#4 C:\wamp64\www\YiiApps\framework\base\CApplication.php(184): CWebApplication->processRequest()
#5 C:\wamp64\www\mobarat\index.php(27): CWebApplication->run()
REQUEST_URI=/index.php/site/allPoster
in C:\wamp64\www\mobarat\protected\controllers\SiteController.php (319)
in C:\wamp64\www\mobarat\index.php (27)
2025/08/11 07:44:53 [error] [php] Cannot modify header information - headers already sent by (output started at C:\wamp64\www\mobarat\protected\components\PHPExcel\Shared\String.php:526) (C:\wamp64\www\mobarat\protected\components\cls_toCSV.php:20)
Stack trace:
#0 C:\wamp64\www\mobarat\protected\controllers\PersonstudentController.php(706): exportToCSV()
#1 C:\wamp64\www\YiiApps\framework\web\actions\CInlineAction.php(49): PersonstudentController->actiontoexcel()
#2 C:\wamp64\www\YiiApps\framework\web\CController.php(308): CInlineAction->runWithParams()
#3 C:\wamp64\www\YiiApps\framework\web\filters\CFilterChain.php(133): PersonstudentController->runAction()
#4 C:\wamp64\www\YiiApps\framework\web\filters\CFilter.php(40): CFilterChain->run()
#5 C:\wamp64\www\YiiApps\framework\web\filters\CFilterChain.php(130): PersonstudentFilter->filter()
#6 C:\wamp64\www\YiiApps\framework\web\filters\CFilter.php(40): CFilterChain->run()
#7 C:\wamp64\www\YiiApps\framework\web\CController.php(1145): CAccessControlFilter->filter()
#8 C:\wamp64\www\YiiApps\framework\web\filters\CInlineFilter.php(58): PersonstudentController->filterAccessControl()
#9 C:\wamp64\www\YiiApps\framework\web\filters\CFilterChain.php(130): CInlineFilter->filter()
#10 C:\wamp64\www\YiiApps\framework\web\CController.php(291): CFilterChain->run()
#11 C:\wamp64\www\YiiApps\framework\web\CController.php(265): PersonstudentController->runActionWithFilters()
#12 C:\wamp64\www\YiiApps\framework\web\CWebApplication.php(282): PersonstudentController->run()
#13 C:\wamp64\www\YiiApps\framework\web\CWebApplication.php(141): CWebApplication->runController()
#14 C:\wamp64\www\YiiApps\framework\base\CApplication.php(184): CWebApplication->processRequest()
#15 C:\wamp64\www\mobarat\index.php(27): CWebApplication->run()
REQUEST_URI=/index.php/personstudent/toexcel
in C:\wamp64\www\mobarat\protected\components\cls_toCSV.php (20)
in C:\wamp64\www\mobarat\protected\components\cls_toCSV.php (169)
in C:\wamp64\www\mobarat\protected\controllers\PersonstudentController.php (706)
2025/08/11 07:44:56 [error] [php] Undefined index: txtFname (C:\wamp64\www\mobarat\protected\controllers\PersonstudentController.php:687)
Stack trace:
#0 C:\wamp64\www\YiiApps\framework\web\filters\CFilterChain.php(133): PersonstudentController->runAction()
#1 C:\wamp64\www\YiiApps\framework\web\filters\CFilter.php(40): CFilterChain->run()
#2 C:\wamp64\www\YiiApps\framework\web\filters\CFilterChain.php(130): PersonstudentFilter->filter()
#3 C:\wamp64\www\YiiApps\framework\web\filters\CFilter.php(40): CFilterChain->run()
#4 C:\wamp64\www\YiiApps\framework\web\CController.php(1145): CAccessControlFilter->filter()
#5 C:\wamp64\www\YiiApps\framework\web\filters\CInlineFilter.php(58): PersonstudentController->filterAccessControl()
#6 C:\wamp64\www\YiiApps\framework\web\filters\CFilterChain.php(130): CInlineFilter->filter()
#7 C:\wamp64\www\YiiApps\framework\web\CController.php(291): CFilterChain->run()
#8 C:\wamp64\www\YiiApps\framework\web\CController.php(265): PersonstudentController->runActionWithFilters()
#9 C:\wamp64\www\YiiApps\framework\web\CWebApplication.php(282): PersonstudentController->run()
#10 C:\wamp64\www\YiiApps\framework\web\CWebApplication.php(141): CWebApplication->runController()
#11 C:\wamp64\www\YiiApps\framework\base\CApplication.php(184): CWebApplication->processRequest()
#12 C:\wamp64\www\mobarat\index.php(27): CWebApplication->run()
REQUEST_URI=/index.php/personstudent/toexcel
in C:\wamp64\www\mobarat\protected\controllers\PersonstudentController.php (687)
in C:\wamp64\www\mobarat\index.php (27)
2025/08/11 07:45:00 [error] [php] Undefined index: txtFname (C:\wamp64\www\mobarat\protected\controllers\PersonstudentController.php:687)
Stack trace:
#0 C:\wamp64\www\YiiApps\framework\web\filters\CFilterChain.php(133): PersonstudentController->runAction()
#1 C:\wamp64\www\YiiApps\framework\web\filters\CFilter.php(40): CFilterChain->run()
#2 C:\wamp64\www\YiiApps\framework\web\filters\CFilterChain.php(130): PersonstudentFilter->filter()
#3 C:\wamp64\www\YiiApps\framework\web\filters\CFilter.php(40): CFilterChain->run()
#4 C:\wamp64\www\YiiApps\framework\web\CController.php(1145): CAccessControlFilter->filter()
#5 C:\wamp64\www\YiiApps\framework\web\filters\CInlineFilter.php(58): PersonstudentController->filterAccessControl()
#6 C:\wamp64\www\YiiApps\framework\web\filters\CFilterChain.php(130): CInlineFilter->filter()
#7 C:\wamp64\www\YiiApps\framework\web\CController.php(291): CFilterChain->run()
#8 C:\wamp64\www\YiiApps\framework\web\CController.php(265): PersonstudentController->runActionWithFilters()
#9 C:\wamp64\www\YiiApps\framework\web\CWebApplication.php(282): PersonstudentController->run()
#10 C:\wamp64\www\YiiApps\framework\web\CWebApplication.php(141): CWebApplication->runController()
#11 C:\wamp64\www\YiiApps\framework\base\CApplication.php(184): CWebApplication->processRequest()
#12 C:\wamp64\www\mobarat\index.php(27): CWebApplication->run()
REQUEST_URI=/index.php/personstudent/toexcel
in C:\wamp64\www\mobarat\protected\controllers\PersonstudentController.php (687)
in C:\wamp64\www\mobarat\index.php (27)
2025/08/11 07:45:01 [error] [php] Undefined index: txtFname (C:\wamp64\www\mobarat\protected\controllers\PersonstudentController.php:687)
Stack trace:
#0 C:\wamp64\www\YiiApps\framework\web\filters\CFilterChain.php(133): PersonstudentController->runAction()
#1 C:\wamp64\www\YiiApps\framework\web\filters\CFilter.php(40): CFilterChain->run()
#2 C:\wamp64\www\YiiApps\framework\web\filters\CFilterChain.php(130): PersonstudentFilter->filter()
#3 C:\wamp64\www\YiiApps\framework\web\filters\CFilter.php(40): CFilterChain->run()
#4 C:\wamp64\www\YiiApps\framework\web\CController.php(1145): CAccessControlFilter->filter()
#5 C:\wamp64\www\YiiApps\framework\web\filters\CInlineFilter.php(58): PersonstudentController->filterAccessControl()
#6 C:\wamp64\www\YiiApps\framework\web\filters\CFilterChain.php(130): CInlineFilter->filter()
#7 C:\wamp64\www\YiiApps\framework\web\CController.php(291): CFilterChain->run()
#8 C:\wamp64\www\YiiApps\framework\web\CController.php(265): PersonstudentController->runActionWithFilters()
#9 C:\wamp64\www\YiiApps\framework\web\CWebApplication.php(282): PersonstudentController->run()
#10 C:\wamp64\www\YiiApps\framework\web\CWebApplication.php(141): CWebApplication->runController()
#11 C:\wamp64\www\YiiApps\framework\base\CApplication.php(184): CWebApplication->processRequest()
#12 C:\wamp64\www\mobarat\index.php(27): CWebApplication->run()
REQUEST_URI=/index.php/personstudent/toexcel
in C:\wamp64\www\mobarat\protected\controllers\PersonstudentController.php (687)
in C:\wamp64\www\mobarat\index.php (27)
2025/08/14 11:54:46 [error] [php] Cannot modify header information - headers already sent by (output started at C:\wamp64\www\mobarat\protected\components\PHPExcel\Shared\String.php:526) (C:\wamp64\www\mobarat\protected\components\cls_toCSV.php:20)
Stack trace:
#0 C:\wamp64\www\mobarat\protected\controllers\PersonstudentController.php(762): exportToCSV()
#1 C:\wamp64\www\YiiApps\framework\web\actions\CInlineAction.php(49): PersonstudentController->actiontoexcel()
#2 C:\wamp64\www\YiiApps\framework\web\CController.php(308): CInlineAction->runWithParams()
#3 C:\wamp64\www\YiiApps\framework\web\filters\CFilterChain.php(133): PersonstudentController->runAction()
#4 C:\wamp64\www\YiiApps\framework\web\filters\CFilter.php(40): CFilterChain->run()
#5 C:\wamp64\www\YiiApps\framework\web\filters\CFilterChain.php(130): PersonstudentFilter->filter()
#6 C:\wamp64\www\YiiApps\framework\web\filters\CFilter.php(40): CFilterChain->run()
#7 C:\wamp64\www\YiiApps\framework\web\CController.php(1145): CAccessControlFilter->filter()
#8 C:\wamp64\www\YiiApps\framework\web\filters\CInlineFilter.php(58): PersonstudentController->filterAccessControl()
#9 C:\wamp64\www\YiiApps\framework\web\filters\CFilterChain.php(130): CInlineFilter->filter()
#10 C:\wamp64\www\YiiApps\framework\web\CController.php(291): CFilterChain->run()
#11 C:\wamp64\www\YiiApps\framework\web\CController.php(265): PersonstudentController->runActionWithFilters()
#12 C:\wamp64\www\YiiApps\framework\web\CWebApplication.php(282): PersonstudentController->run()
#13 C:\wamp64\www\YiiApps\framework\web\CWebApplication.php(141): CWebApplication->runController()
#14 C:\wamp64\www\YiiApps\framework\base\CApplication.php(184): CWebApplication->processRequest()
#15 C:\wamp64\www\mobarat\index.php(27): CWebApplication->run()
REQUEST_URI=/index.php/personstudent/toexcel
in C:\wamp64\www\mobarat\protected\components\cls_toCSV.php (20)
in C:\wamp64\www\mobarat\protected\components\cls_toCSV.php (169)
in C:\wamp64\www\mobarat\protected\controllers\PersonstudentController.php (762)
2025/08/14 11:54:48 [error] [php] Undefined index: txtFname (C:\wamp64\www\mobarat\protected\controllers\PersonstudentController.php:732)
Stack trace:
#0 C:\wamp64\www\YiiApps\framework\web\filters\CFilterChain.php(133): PersonstudentController->runAction()
#1 C:\wamp64\www\YiiApps\framework\web\filters\CFilter.php(40): CFilterChain->run()
#2 C:\wamp64\www\YiiApps\framework\web\filters\CFilterChain.php(130): PersonstudentFilter->filter()
#3 C:\wamp64\www\YiiApps\framework\web\filters\CFilter.php(40): CFilterChain->run()
#4 C:\wamp64\www\YiiApps\framework\web\CController.php(1145): CAccessControlFilter->filter()
#5 C:\wamp64\www\YiiApps\framework\web\filters\CInlineFilter.php(58): PersonstudentController->filterAccessControl()
#6 C:\wamp64\www\YiiApps\framework\web\filters\CFilterChain.php(130): CInlineFilter->filter()
#7 C:\wamp64\www\YiiApps\framework\web\CController.php(291): CFilterChain->run()
#8 C:\wamp64\www\YiiApps\framework\web\CController.php(265): PersonstudentController->runActionWithFilters()
#9 C:\wamp64\www\YiiApps\framework\web\CWebApplication.php(282): PersonstudentController->run()
#10 C:\wamp64\www\YiiApps\framework\web\CWebApplication.php(141): CWebApplication->runController()
#11 C:\wamp64\www\YiiApps\framework\base\CApplication.php(184): CWebApplication->processRequest()
#12 C:\wamp64\www\mobarat\index.php(27): CWebApplication->run()
REQUEST_URI=/index.php/personstudent/toexcel
in C:\wamp64\www\mobarat\protected\controllers\PersonstudentController.php (732)
in C:\wamp64\www\mobarat\index.php (27)
2025/08/14 11:54:52 [error] [php] Undefined index: txtFname (C:\wamp64\www\mobarat\protected\controllers\PersonstudentController.php:732)
Stack trace:
#0 C:\wamp64\www\YiiApps\framework\web\filters\CFilterChain.php(133): PersonstudentController->runAction()
#1 C:\wamp64\www\YiiApps\framework\web\filters\CFilter.php(40): CFilterChain->run()
#2 C:\wamp64\www\YiiApps\framework\web\filters\CFilterChain.php(130): PersonstudentFilter->filter()
#3 C:\wamp64\www\YiiApps\framework\web\filters\CFilter.php(40): CFilterChain->run()
#4 C:\wamp64\www\YiiApps\framework\web\CController.php(1145): CAccessControlFilter->filter()
#5 C:\wamp64\www\YiiApps\framework\web\filters\CInlineFilter.php(58): PersonstudentController->filterAccessControl()
#6 C:\wamp64\www\YiiApps\framework\web\filters\CFilterChain.php(130): CInlineFilter->filter()
#7 C:\wamp64\www\YiiApps\framework\web\CController.php(291): CFilterChain->run()
#8 C:\wamp64\www\YiiApps\framework\web\CController.php(265): PersonstudentController->runActionWithFilters()
#9 C:\wamp64\www\YiiApps\framework\web\CWebApplication.php(282): PersonstudentController->run()
#10 C:\wamp64\www\YiiApps\framework\web\CWebApplication.php(141): CWebApplication->runController()
#11 C:\wamp64\www\YiiApps\framework\base\CApplication.php(184): CWebApplication->processRequest()
#12 C:\wamp64\www\mobarat\index.php(27): CWebApplication->run()
REQUEST_URI=/index.php/personstudent/toexcel
in C:\wamp64\www\mobarat\protected\controllers\PersonstudentController.php (732)
in C:\wamp64\www\mobarat\index.php (27)
2025/08/15 11:24:08 [error] [php] Cannot modify header information - headers already sent by (output started at C:\wamp64\www\mobarat\protected\components\PHPExcel\Shared\String.php:526) (C:\wamp64\www\mobarat\protected\components\cls_toCSV.php:20)
Stack trace:
#0 C:\wamp64\www\mobarat\protected\controllers\PersonstudentController.php(757): exportToCSV()
#1 C:\wamp64\www\YiiApps\framework\web\actions\CInlineAction.php(49): PersonstudentController->actiontoexcel()
#2 C:\wamp64\www\YiiApps\framework\web\CController.php(308): CInlineAction->runWithParams()
#3 C:\wamp64\www\YiiApps\framework\web\filters\CFilterChain.php(133): PersonstudentController->runAction()
#4 C:\wamp64\www\YiiApps\framework\web\filters\CFilter.php(40): CFilterChain->run()
#5 C:\wamp64\www\YiiApps\framework\web\filters\CFilterChain.php(130): PersonstudentFilter->filter()
#6 C:\wamp64\www\YiiApps\framework\web\filters\CFilter.php(40): CFilterChain->run()
#7 C:\wamp64\www\YiiApps\framework\web\CController.php(1145): CAccessControlFilter->filter()
#8 C:\wamp64\www\YiiApps\framework\web\filters\CInlineFilter.php(58): PersonstudentController->filterAccessControl()
#9 C:\wamp64\www\YiiApps\framework\web\filters\CFilterChain.php(130): CInlineFilter->filter()
#10 C:\wamp64\www\YiiApps\framework\web\CController.php(291): CFilterChain->run()
#11 C:\wamp64\www\YiiApps\framework\web\CController.php(265): PersonstudentController->runActionWithFilters()
#12 C:\wamp64\www\YiiApps\framework\web\CWebApplication.php(282): PersonstudentController->run()
#13 C:\wamp64\www\YiiApps\framework\web\CWebApplication.php(141): CWebApplication->runController()
#14 C:\wamp64\www\YiiApps\framework\base\CApplication.php(184): CWebApplication->processRequest()
#15 C:\wamp64\www\mobarat\index.php(27): CWebApplication->run()
REQUEST_URI=/index.php/personstudent/toexcel
in C:\wamp64\www\mobarat\protected\components\cls_toCSV.php (20)
in C:\wamp64\www\mobarat\protected\components\cls_toCSV.php (169)
in C:\wamp64\www\mobarat\protected\controllers\PersonstudentController.php (757)
2026/01/28 08:27:45 [error] [system.db.CDbCommand] CDbCommand::fetchAll() failed: SQLSTATE[42S22]: Column not found: 1054 Unknown column 'favicon.ico' in 'where clause'. The SQL statement executed was: SELECT project_judge_id,project_id,judge_id,judge_personId,grade FROM project_judge  where project_judge_id=favicon.ico.
in C:\xampp\htdocs\mobarat\protected\controllers\PersonjudgeController.php (319)
in C:\xampp\htdocs\mobarat\index.php (27)
2026/01/28 08:41:07 [error] [system.db.CDbCommand] CDbCommand::fetchAll() failed: SQLSTATE[42S22]: Column not found: 1054 Unknown column 'favicon.ico' in 'where clause'. The SQL statement executed was: SELECT project_judge_id,project_id,judge_id,judge_personId,grade FROM project_judge  where project_judge_id=favicon.ico.
in C:\xampp\htdocs\mobarat\protected\controllers\PersonjudgeController.php (319)
in C:\xampp\htdocs\mobarat\index.php (27)
2026/01/28 08:47:21 [error] [system.db.CDbCommand] CDbCommand::fetchAll() failed: SQLSTATE[42S22]: Column not found: 1054 Unknown column 'favicon.ico' in 'where clause'. The SQL statement executed was: SELECT project_judge_id,project_id,judge_id,judge_personId,grade FROM project_judge  where project_judge_id=favicon.ico.
in C:\xampp\htdocs\mobarat\protected\controllers\PersonjudgeController.php (319)
in C:\xampp\htdocs\mobarat\index.php (27)
2026/01/28 08:48:44 [error] [system.db.CDbCommand] CDbCommand::fetchAll() failed: SQLSTATE[42S22]: Column not found: 1054 Unknown column 'favicon.ico' in 'where clause'. The SQL statement executed was: SELECT project_judge_id,project_id,judge_id,judge_personId,grade FROM project_judge  where project_judge_id=favicon.ico.
in C:\xampp\htdocs\mobarat\protected\controllers\PersonjudgeController.php (320)
in C:\xampp\htdocs\mobarat\index.php (27)
2026/01/28 08:50:03 [error] [system.db.CDbCommand] CDbCommand::fetchAll() failed: SQLSTATE[42S22]: Column not found: 1054 Unknown column 'favicon.ico' in 'where clause'. The SQL statement executed was: SELECT project_judge_id,project_id,judge_id,judge_personId,grade FROM project_judge  where project_judge_id=favicon.ico.
in C:\xampp\htdocs\mobarat\protected\controllers\PersonjudgeController.php (321)
in C:\xampp\htdocs\mobarat\index.php (27)
2026/02/10 08:08:58 [error] [php] Undefined index: category (C:\xampp\htdocs\mobarat\protected\controllers\ProjectController.php:841)
Stack trace:
#0 C:\xampp\htdocs\YiiApps\framework\web\filters\CFilterChain.php(133): ProjectController->runAction()
#1 C:\xampp\htdocs\YiiApps\framework\web\filters\CFilter.php(40): CFilterChain->run()
#2 C:\xampp\htdocs\YiiApps\framework\web\filters\CFilterChain.php(130): ProjectFilter->filter()
#3 C:\xampp\htdocs\YiiApps\framework\web\filters\CFilter.php(40): CFilterChain->run()
#4 C:\xampp\htdocs\YiiApps\framework\web\CController.php(1145): CAccessControlFilter->filter()
#5 C:\xampp\htdocs\YiiApps\framework\web\filters\CInlineFilter.php(58): ProjectController->filterAccessControl()
#6 C:\xampp\htdocs\YiiApps\framework\web\filters\CFilterChain.php(130): CInlineFilter->filter()
#7 C:\xampp\htdocs\YiiApps\framework\web\CController.php(291): CFilterChain->run()
#8 C:\xampp\htdocs\YiiApps\framework\web\CController.php(265): ProjectController->runActionWithFilters()
#9 C:\xampp\htdocs\YiiApps\framework\web\CWebApplication.php(282): ProjectController->run()
#10 C:\xampp\htdocs\YiiApps\framework\web\CWebApplication.php(141): CWebApplication->runController()
#11 C:\xampp\htdocs\YiiApps\framework\base\CApplication.php(184): CWebApplication->processRequest()
#12 C:\xampp\htdocs\mobarat\index.php(27): CWebApplication->run()
REQUEST_URI=/mobarat/index.php/Project/projectsjudgebody
in C:\xampp\htdocs\mobarat\protected\controllers\ProjectController.php (841)
in C:\xampp\htdocs\mobarat\index.php (27)
2026/02/10 08:17:39 [error] [php] Undefined index: category (C:\xampp\htdocs\mobarat\protected\controllers\ProjectController.php:841)
Stack trace:
#0 C:\xampp\htdocs\YiiApps\framework\web\filters\CFilterChain.php(133): ProjectController->runAction()
#1 C:\xampp\htdocs\YiiApps\framework\web\filters\CFilter.php(40): CFilterChain->run()
#2 C:\xampp\htdocs\YiiApps\framework\web\filters\CFilterChain.php(130): ProjectFilter->filter()
#3 C:\xampp\htdocs\YiiApps\framework\web\filters\CFilter.php(40): CFilterChain->run()
#4 C:\xampp\htdocs\YiiApps\framework\web\CController.php(1145): CAccessControlFilter->filter()
#5 C:\xampp\htdocs\YiiApps\framework\web\filters\CInlineFilter.php(58): ProjectController->filterAccessControl()
#6 C:\xampp\htdocs\YiiApps\framework\web\filters\CFilterChain.php(130): CInlineFilter->filter()
#7 C:\xampp\htdocs\YiiApps\framework\web\CController.php(291): CFilterChain->run()
#8 C:\xampp\htdocs\YiiApps\framework\web\CController.php(265): ProjectController->runActionWithFilters()
#9 C:\xampp\htdocs\YiiApps\framework\web\CWebApplication.php(282): ProjectController->run()
#10 C:\xampp\htdocs\YiiApps\framework\web\CWebApplication.php(141): CWebApplication->runController()
#11 C:\xampp\htdocs\YiiApps\framework\base\CApplication.php(184): CWebApplication->processRequest()
#12 C:\xampp\htdocs\mobarat\index.php(27): CWebApplication->run()
REQUEST_URI=/mobarat/index.php/Project/projectsjudgebody
in C:\xampp\htdocs\mobarat\protected\controllers\ProjectController.php (841)
in C:\xampp\htdocs\mobarat\index.php (27)
2026/02/10 08:36:39 [error] [system.db.CDbCommand] CDbCommand::fetchAll() failed: SQLSTATE[HY000]: General error: 2014 Cannot execute queries while other unbuffered queries are active.  Consider using PDOStatement::fetchAll().  Alternatively, if your code is only ever going to run against mysql, you may enable query buffering by setting the PDO::MYSQL_ATTR_USE_BUFFERED_QUERY attribute.. The SQL statement executed was: SELECT project_judge.project_id,rated,grade,project_judge.judge_id,type_kernel,type_enable FROM project_judge
                    inner join project on project.project_id=project_judge.project_id
                    inner join judge_type on project_judge.judge_id=judge_type.judge_id and project.project_type= judge_type.project_type
                    where rated=1 and project_judge.project_id=11572.
in C:\xampp\htdocs\mobarat\protected\models\Project.php (195)
in C:\xampp\htdocs\mobarat\protected\controllers\ProjectController.php (935)
in C:\xampp\htdocs\mobarat\index.php (27)
2026/02/10 08:36:39 [error] [system.db.CDbCommand] CDbCommand::fetchAll() failed: SQLSTATE[HY000]: General error: 2014 Cannot execute queries while other unbuffered queries are active.  Consider using PDOStatement::fetchAll().  Alternatively, if your code is only ever going to run against mysql, you may enable query buffering by setting the PDO::MYSQL_ATTR_USE_BUFFERED_QUERY attribute.. The SQL statement executed was: SELECT project_judge.project_id,rated,grade,project_judge.judge_id,type_kernel,type_enable FROM project_judge
                    inner join project on project.project_id=project_judge.project_id
                    inner join judge_type on project_judge.judge_id=judge_type.judge_id and project.project_type= judge_type.project_type
                    where rated=1 and project_judge.project_id=11576.
in C:\xampp\htdocs\mobarat\protected\models\Project.php (195)
in C:\xampp\htdocs\mobarat\protected\controllers\ProjectController.php (935)
in C:\xampp\htdocs\mobarat\index.php (27)
2026/02/10 08:36:39 [error] [system.db.CDbCommand] CDbCommand::fetchAll() failed: SQLSTATE[HY000]: General error: 2014 Cannot execute queries while other unbuffered queries are active.  Consider using PDOStatement::fetchAll().  Alternatively, if your code is only ever going to run against mysql, you may enable query buffering by setting the PDO::MYSQL_ATTR_USE_BUFFERED_QUERY attribute.. The SQL statement executed was: SELECT project_judge.project_id,rated,grade,project_judge.judge_id,type_kernel,type_enable FROM project_judge
                    inner join project on project.project_id=project_judge.project_id
                    inner join judge_type on project_judge.judge_id=judge_type.judge_id and project.project_type= judge_type.project_type
                    where rated=1 and project_judge.project_id=11580.
in C:\xampp\htdocs\mobarat\protected\models\Project.php (195)
in C:\xampp\htdocs\mobarat\protected\controllers\ProjectController.php (935)
in C:\xampp\htdocs\mobarat\index.php (27)
2026/02/10 08:36:40 [error] [system.db.CDbCommand] CDbCommand::fetchAll() failed: SQLSTATE[HY000]: General error: 2014 Cannot execute queries while other unbuffered queries are active.  Consider using PDOStatement::fetchAll().  Alternatively, if your code is only ever going to run against mysql, you may enable query buffering by setting the PDO::MYSQL_ATTR_USE_BUFFERED_QUERY attribute.. The SQL statement executed was: SELECT project_judge.project_id,rated,grade,project_judge.judge_id,type_kernel,type_enable FROM project_judge
                    inner join project on project.project_id=project_judge.project_id
                    inner join judge_type on project_judge.judge_id=judge_type.judge_id and project.project_type= judge_type.project_type
                    where rated=1 and project_judge.project_id=11579.
in C:\xampp\htdocs\mobarat\protected\models\Project.php (195)
in C:\xampp\htdocs\mobarat\protected\controllers\ProjectController.php (935)
in C:\xampp\htdocs\mobarat\index.php (27)
2026/02/10 08:36:45 [error] [system.db.CDbCommand] CDbCommand::fetchAll() failed: SQLSTATE[HY000]: General error: 2014 Cannot execute queries while other unbuffered queries are active.  Consider using PDOStatement::fetchAll().  Alternatively, if your code is only ever going to run against mysql, you may enable query buffering by setting the PDO::MYSQL_ATTR_USE_BUFFERED_QUERY attribute.. The SQL statement executed was: SELECT project_judge.project_id,rated,grade,project_judge.judge_id,type_kernel,type_enable FROM project_judge
                    inner join project on project.project_id=project_judge.project_id
                    inner join judge_type on project_judge.judge_id=judge_type.judge_id and project.project_type= judge_type.project_type
                    where rated=1 and project_judge.project_id=11573.
in C:\xampp\htdocs\mobarat\protected\models\Project.php (195)
in C:\xampp\htdocs\mobarat\protected\controllers\ProjectController.php (935)
in C:\xampp\htdocs\mobarat\index.php (27)
2026/02/10 09:01:15 [error] [system.db.CDbCommand] CDbCommand::fetchAll() failed: SQLSTATE[HY000]: General error: 2014 Cannot execute queries while other unbuffered queries are active.  Consider using PDOStatement::fetchAll().  Alternatively, if your code is only ever going to run against mysql, you may enable query buffering by setting the PDO::MYSQL_ATTR_USE_BUFFERED_QUERY attribute.. The SQL statement executed was: SELECT project_judge.project_id,rated,grade,project_judge.judge_id,type_kernel,type_enable FROM project_judge
                    inner join project on project.project_id=project_judge.project_id
                    inner join judge_type on project_judge.judge_id=judge_type.judge_id and project.project_type= judge_type.project_type
                    where rated=1 and project_judge.project_id=11572.
in C:\xampp\htdocs\mobarat\protected\models\Project.php (195)
in C:\xampp\htdocs\mobarat\protected\controllers\ProjectController.php (935)
in C:\xampp\htdocs\mobarat\index.php (27)
2026/02/10 09:01:15 [error] [system.db.CDbCommand] CDbCommand::fetchAll() failed: SQLSTATE[HY000]: General error: 2014 Cannot execute queries while other unbuffered queries are active.  Consider using PDOStatement::fetchAll().  Alternatively, if your code is only ever going to run against mysql, you may enable query buffering by setting the PDO::MYSQL_ATTR_USE_BUFFERED_QUERY attribute.. The SQL statement executed was: SELECT project_judge.project_id,rated,grade,project_judge.judge_id,type_kernel,type_enable FROM project_judge
                    inner join project on project.project_id=project_judge.project_id
                    inner join judge_type on project_judge.judge_id=judge_type.judge_id and project.project_type= judge_type.project_type
                    where rated=1 and project_judge.project_id=11573.
in C:\xampp\htdocs\mobarat\protected\models\Project.php (195)
in C:\xampp\htdocs\mobarat\protected\controllers\ProjectController.php (935)
in C:\xampp\htdocs\mobarat\index.php (27)
2026/02/18 09:55:14 [error] [php] Non-static method MobaratSchool::getCoutingConfirmedSchoolNew() should not be called statically, assuming $this from incompatible context (C:\xampp\htdocs\mobarat\themes\classic\views\statistics\schoolStat.php:28)
Stack trace:
#0 C:\xampp\htdocs\YiiApps\framework\web\CController.php(869): StatisticsController->renderFile()
#1 C:\xampp\htdocs\mobarat\protected\controllers\StatisticsController.php(75): StatisticsController->renderPartial()
#2 C:\xampp\htdocs\YiiApps\framework\web\actions\CInlineAction.php(49): StatisticsController->actionSchoolStat()
#3 C:\xampp\htdocs\YiiApps\framework\web\CController.php(308): CInlineAction->runWithParams()
#4 C:\xampp\htdocs\YiiApps\framework\web\filters\CFilterChain.php(133): StatisticsController->runAction()
#5 C:\xampp\htdocs\YiiApps\framework\web\filters\CFilter.php(40): CFilterChain->run()
#6 C:\xampp\htdocs\YiiApps\framework\web\filters\CFilterChain.php(130): AdminFilter->filter()
#7 C:\xampp\htdocs\YiiApps\framework\web\filters\CFilter.php(40): CFilterChain->run()
#8 C:\xampp\htdocs\YiiApps\framework\web\CController.php(1145): CAccessControlFilter->filter()
#9 C:\xampp\htdocs\YiiApps\framework\web\filters\CInlineFilter.php(58): StatisticsController->filterAccessControl()
#10 C:\xampp\htdocs\YiiApps\framework\web\filters\CFilterChain.php(130): CInlineFilter->filter()
#11 C:\xampp\htdocs\YiiApps\framework\web\CController.php(291): CFilterChain->run()
#12 C:\xampp\htdocs\YiiApps\framework\web\CController.php(265): StatisticsController->runActionWithFilters()
#13 C:\xampp\htdocs\YiiApps\framework\web\CWebApplication.php(282): StatisticsController->run()
#14 C:\xampp\htdocs\YiiApps\framework\web\CWebApplication.php(141): CWebApplication->runController()
#15 C:\xampp\htdocs\YiiApps\framework\base\CApplication.php(184): CWebApplication->processRequest()
#16 C:\xampp\htdocs\mobarat\index.php(27): CWebApplication->run()
REQUEST_URI=/mobarat/index.php/Statistics/SchoolStat?_=1771404906084
in C:\xampp\htdocs\mobarat\themes\classic\views\statistics\schoolStat.php (28)
in C:\xampp\htdocs\mobarat\protected\controllers\StatisticsController.php (75)
in C:\xampp\htdocs\mobarat\index.php (27)
2026/02/18 09:55:22 [error] [php] Non-static method MobaratSchool::getCoutingConfirmedSchoolNew() should not be called statically, assuming $this from incompatible context (C:\xampp\htdocs\mobarat\themes\classic\views\statistics\schoolStat.php:28)
Stack trace:
#0 C:\xampp\htdocs\YiiApps\framework\web\CController.php(869): StatisticsController->renderFile()
#1 C:\xampp\htdocs\mobarat\protected\controllers\StatisticsController.php(75): StatisticsController->renderPartial()
#2 C:\xampp\htdocs\YiiApps\framework\web\actions\CInlineAction.php(49): StatisticsController->actionSchoolStat()
#3 C:\xampp\htdocs\YiiApps\framework\web\CController.php(308): CInlineAction->runWithParams()
#4 C:\xampp\htdocs\YiiApps\framework\web\filters\CFilterChain.php(133): StatisticsController->runAction()
#5 C:\xampp\htdocs\YiiApps\framework\web\filters\CFilter.php(40): CFilterChain->run()
#6 C:\xampp\htdocs\YiiApps\framework\web\filters\CFilterChain.php(130): AdminFilter->filter()
#7 C:\xampp\htdocs\YiiApps\framework\web\filters\CFilter.php(40): CFilterChain->run()
#8 C:\xampp\htdocs\YiiApps\framework\web\CController.php(1145): CAccessControlFilter->filter()
#9 C:\xampp\htdocs\YiiApps\framework\web\filters\CInlineFilter.php(58): StatisticsController->filterAccessControl()
#10 C:\xampp\htdocs\YiiApps\framework\web\filters\CFilterChain.php(130): CInlineFilter->filter()
#11 C:\xampp\htdocs\YiiApps\framework\web\CController.php(291): CFilterChain->run()
#12 C:\xampp\htdocs\YiiApps\framework\web\CController.php(265): StatisticsController->runActionWithFilters()
#13 C:\xampp\htdocs\YiiApps\framework\web\CWebApplication.php(282): StatisticsController->run()
#14 C:\xampp\htdocs\YiiApps\framework\web\CWebApplication.php(141): CWebApplication->runController()
#15 C:\xampp\htdocs\YiiApps\framework\base\CApplication.php(184): CWebApplication->processRequest()
#16 C:\xampp\htdocs\mobarat\index.php(27): CWebApplication->run()
REQUEST_URI=/mobarat/index.php/Statistics/SchoolStat?_=1771404906085
in C:\xampp\htdocs\mobarat\themes\classic\views\statistics\schoolStat.php (28)
in C:\xampp\htdocs\mobarat\protected\controllers\StatisticsController.php (75)
in C:\xampp\htdocs\mobarat\index.php (27)
2026/02/18 11:25:46 [error] [php] Non-static method Project::projectStats() should not be called statically, assuming $this from incompatible context (C:\xampp\htdocs\mobarat\protected\controllers\StatisticsController.php:81)
Stack trace:
#0 C:\xampp\htdocs\YiiApps\framework\web\filters\CFilterChain.php(133): StatisticsController->runAction()
#1 C:\xampp\htdocs\YiiApps\framework\web\filters\CFilter.php(40): CFilterChain->run()
#2 C:\xampp\htdocs\YiiApps\framework\web\filters\CFilterChain.php(130): AdminFilter->filter()
#3 C:\xampp\htdocs\YiiApps\framework\web\filters\CFilter.php(40): CFilterChain->run()
#4 C:\xampp\htdocs\YiiApps\framework\web\CController.php(1145): CAccessControlFilter->filter()
#5 C:\xampp\htdocs\YiiApps\framework\web\filters\CInlineFilter.php(58): StatisticsController->filterAccessControl()
#6 C:\xampp\htdocs\YiiApps\framework\web\filters\CFilterChain.php(130): CInlineFilter->filter()
#7 C:\xampp\htdocs\YiiApps\framework\web\CController.php(291): CFilterChain->run()
#8 C:\xampp\htdocs\YiiApps\framework\web\CController.php(265): StatisticsController->runActionWithFilters()
#9 C:\xampp\htdocs\YiiApps\framework\web\CWebApplication.php(282): StatisticsController->run()
#10 C:\xampp\htdocs\YiiApps\framework\web\CWebApplication.php(141): CWebApplication->runController()
#11 C:\xampp\htdocs\YiiApps\framework\base\CApplication.php(184): CWebApplication->processRequest()
#12 C:\xampp\htdocs\mobarat\index.php(27): CWebApplication->run()
REQUEST_URI=/mobarat/index.php/Statistics/ProjectTypeStat?_=1771410334390
in C:\xampp\htdocs\mobarat\protected\controllers\StatisticsController.php (81)
in C:\xampp\htdocs\mobarat\index.php (27)
2026/02/18 11:26:41 [error] [php] Non-static method Project::projectStats() should not be called statically, assuming $this from incompatible context (C:\xampp\htdocs\mobarat\protected\controllers\StatisticsController.php:81)
Stack trace:
#0 C:\xampp\htdocs\YiiApps\framework\web\filters\CFilterChain.php(133): StatisticsController->runAction()
#1 C:\xampp\htdocs\YiiApps\framework\web\filters\CFilter.php(40): CFilterChain->run()
#2 C:\xampp\htdocs\YiiApps\framework\web\filters\CFilterChain.php(130): AdminFilter->filter()
#3 C:\xampp\htdocs\YiiApps\framework\web\filters\CFilter.php(40): CFilterChain->run()
#4 C:\xampp\htdocs\YiiApps\framework\web\CController.php(1145): CAccessControlFilter->filter()
#5 C:\xampp\htdocs\YiiApps\framework\web\filters\CInlineFilter.php(58): StatisticsController->filterAccessControl()
#6 C:\xampp\htdocs\YiiApps\framework\web\filters\CFilterChain.php(130): CInlineFilter->filter()
#7 C:\xampp\htdocs\YiiApps\framework\web\CController.php(291): CFilterChain->run()
#8 C:\xampp\htdocs\YiiApps\framework\web\CController.php(265): StatisticsController->runActionWithFilters()
#9 C:\xampp\htdocs\YiiApps\framework\web\CWebApplication.php(282): StatisticsController->run()
#10 C:\xampp\htdocs\YiiApps\framework\web\CWebApplication.php(141): CWebApplication->runController()
#11 C:\xampp\htdocs\YiiApps\framework\base\CApplication.php(184): CWebApplication->processRequest()
#12 C:\xampp\htdocs\mobarat\index.php(27): CWebApplication->run()
REQUEST_URI=/mobarat/index.php/Statistics/ProjectTypeStat?_=1771410334391
in C:\xampp\htdocs\mobarat\protected\controllers\StatisticsController.php (81)
in C:\xampp\htdocs\mobarat\index.php (27)
2026/02/18 11:26:54 [error] [php] Non-static method Project::projectStats() should not be called statically, assuming $this from incompatible context (C:\xampp\htdocs\mobarat\protected\controllers\StatisticsController.php:81)
Stack trace:
#0 C:\xampp\htdocs\YiiApps\framework\web\filters\CFilterChain.php(133): StatisticsController->runAction()
#1 C:\xampp\htdocs\YiiApps\framework\web\filters\CFilter.php(40): CFilterChain->run()
#2 C:\xampp\htdocs\YiiApps\framework\web\filters\CFilterChain.php(130): AdminFilter->filter()
#3 C:\xampp\htdocs\YiiApps\framework\web\filters\CFilter.php(40): CFilterChain->run()
#4 C:\xampp\htdocs\YiiApps\framework\web\CController.php(1145): CAccessControlFilter->filter()
#5 C:\xampp\htdocs\YiiApps\framework\web\filters\CInlineFilter.php(58): StatisticsController->filterAccessControl()
#6 C:\xampp\htdocs\YiiApps\framework\web\filters\CFilterChain.php(130): CInlineFilter->filter()
#7 C:\xampp\htdocs\YiiApps\framework\web\CController.php(291): CFilterChain->run()
#8 C:\xampp\htdocs\YiiApps\framework\web\CController.php(265): StatisticsController->runActionWithFilters()
#9 C:\xampp\htdocs\YiiApps\framework\web\CWebApplication.php(282): StatisticsController->run()
#10 C:\xampp\htdocs\YiiApps\framework\web\CWebApplication.php(141): CWebApplication->runController()
#11 C:\xampp\htdocs\YiiApps\framework\base\CApplication.php(184): CWebApplication->processRequest()
#12 C:\xampp\htdocs\mobarat\index.php(27): CWebApplication->run()
REQUEST_URI=/mobarat/index.php/Statistics/ProjectTypeStat?_=1771410334393
in C:\xampp\htdocs\mobarat\protected\controllers\StatisticsController.php (81)
in C:\xampp\htdocs\mobarat\index.php (27)
2026/02/18 11:29:26 [error] [php] Non-static method Project::projectStats() should not be called statically, assuming $this from incompatible context (C:\xampp\htdocs\mobarat\protected\controllers\StatisticsController.php:81)
Stack trace:
#0 C:\xampp\htdocs\YiiApps\framework\web\filters\CFilterChain.php(133): StatisticsController->runAction()
#1 C:\xampp\htdocs\YiiApps\framework\web\filters\CFilter.php(40): CFilterChain->run()
#2 C:\xampp\htdocs\YiiApps\framework\web\filters\CFilterChain.php(130): AdminFilter->filter()
#3 C:\xampp\htdocs\YiiApps\framework\web\filters\CFilter.php(40): CFilterChain->run()
#4 C:\xampp\htdocs\YiiApps\framework\web\CController.php(1145): CAccessControlFilter->filter()
#5 C:\xampp\htdocs\YiiApps\framework\web\filters\CInlineFilter.php(58): StatisticsController->filterAccessControl()
#6 C:\xampp\htdocs\YiiApps\framework\web\filters\CFilterChain.php(130): CInlineFilter->filter()
#7 C:\xampp\htdocs\YiiApps\framework\web\CController.php(291): CFilterChain->run()
#8 C:\xampp\htdocs\YiiApps\framework\web\CController.php(265): StatisticsController->runActionWithFilters()
#9 C:\xampp\htdocs\YiiApps\framework\web\CWebApplication.php(282): StatisticsController->run()
#10 C:\xampp\htdocs\YiiApps\framework\web\CWebApplication.php(141): CWebApplication->runController()
#11 C:\xampp\htdocs\YiiApps\framework\base\CApplication.php(184): CWebApplication->processRequest()
#12 C:\xampp\htdocs\mobarat\index.php(27): CWebApplication->run()
REQUEST_URI=/mobarat/index.php/Statistics/ProjectTypeStat?_=1771410334395
in C:\xampp\htdocs\mobarat\protected\controllers\StatisticsController.php (81)
in C:\xampp\htdocs\mobarat\index.php (27)
2026/02/18 11:29:39 [error] [php] Non-static method Project::projectStats() should not be called statically, assuming $this from incompatible context (C:\xampp\htdocs\mobarat\protected\controllers\StatisticsController.php:81)
Stack trace:
#0 C:\xampp\htdocs\YiiApps\framework\web\filters\CFilterChain.php(133): StatisticsController->runAction()
#1 C:\xampp\htdocs\YiiApps\framework\web\filters\CFilter.php(40): CFilterChain->run()
#2 C:\xampp\htdocs\YiiApps\framework\web\filters\CFilterChain.php(130): AdminFilter->filter()
#3 C:\xampp\htdocs\YiiApps\framework\web\filters\CFilter.php(40): CFilterChain->run()
#4 C:\xampp\htdocs\YiiApps\framework\web\CController.php(1145): CAccessControlFilter->filter()
#5 C:\xampp\htdocs\YiiApps\framework\web\filters\CInlineFilter.php(58): StatisticsController->filterAccessControl()
#6 C:\xampp\htdocs\YiiApps\framework\web\filters\CFilterChain.php(130): CInlineFilter->filter()
#7 C:\xampp\htdocs\YiiApps\framework\web\CController.php(291): CFilterChain->run()
#8 C:\xampp\htdocs\YiiApps\framework\web\CController.php(265): StatisticsController->runActionWithFilters()
#9 C:\xampp\htdocs\YiiApps\framework\web\CWebApplication.php(282): StatisticsController->run()
#10 C:\xampp\htdocs\YiiApps\framework\web\CWebApplication.php(141): CWebApplication->runController()
#11 C:\xampp\htdocs\YiiApps\framework\base\CApplication.php(184): CWebApplication->processRequest()
#12 C:\xampp\htdocs\mobarat\index.php(27): CWebApplication->run()
REQUEST_URI=/mobarat/index.php/Statistics/ProjectTypeStat?_=1771410576570
in C:\xampp\htdocs\mobarat\protected\controllers\StatisticsController.php (81)
in C:\xampp\htdocs\mobarat\index.php (27)
2026/02/18 11:29:47 [error] [php] Non-static method Project::projectStats() should not be called statically, assuming $this from incompatible context (C:\xampp\htdocs\mobarat\protected\controllers\StatisticsController.php:81)
Stack trace:
#0 C:\xampp\htdocs\YiiApps\framework\web\filters\CFilterChain.php(133): StatisticsController->runAction()
#1 C:\xampp\htdocs\YiiApps\framework\web\filters\CFilter.php(40): CFilterChain->run()
#2 C:\xampp\htdocs\YiiApps\framework\web\filters\CFilterChain.php(130): AdminFilter->filter()
#3 C:\xampp\htdocs\YiiApps\framework\web\filters\CFilter.php(40): CFilterChain->run()
#4 C:\xampp\htdocs\YiiApps\framework\web\CController.php(1145): CAccessControlFilter->filter()
#5 C:\xampp\htdocs\YiiApps\framework\web\filters\CInlineFilter.php(58): StatisticsController->filterAccessControl()
#6 C:\xampp\htdocs\YiiApps\framework\web\filters\CFilterChain.php(130): CInlineFilter->filter()
#7 C:\xampp\htdocs\YiiApps\framework\web\CController.php(291): CFilterChain->run()
#8 C:\xampp\htdocs\YiiApps\framework\web\CController.php(265): StatisticsController->runActionWithFilters()
#9 C:\xampp\htdocs\YiiApps\framework\web\CWebApplication.php(282): StatisticsController->run()
#10 C:\xampp\htdocs\YiiApps\framework\web\CWebApplication.php(141): CWebApplication->runController()
#11 C:\xampp\htdocs\YiiApps\framework\base\CApplication.php(184): CWebApplication->processRequest()
#12 C:\xampp\htdocs\mobarat\index.php(27): CWebApplication->run()
REQUEST_URI=/mobarat/index.php/Statistics/ProjectTypeStat?_=1771410576572
in C:\xampp\htdocs\mobarat\protected\controllers\StatisticsController.php (81)
in C:\xampp\htdocs\mobarat\index.php (27)
2026/02/18 11:29:50 [error] [php] Non-static method Project::projectStats() should not be called statically, assuming $this from incompatible context (C:\xampp\htdocs\mobarat\protected\controllers\StatisticsController.php:81)
Stack trace:
#0 C:\xampp\htdocs\YiiApps\framework\web\filters\CFilterChain.php(133): StatisticsController->runAction()
#1 C:\xampp\htdocs\YiiApps\framework\web\filters\CFilter.php(40): CFilterChain->run()
#2 C:\xampp\htdocs\YiiApps\framework\web\filters\CFilterChain.php(130): AdminFilter->filter()
#3 C:\xampp\htdocs\YiiApps\framework\web\filters\CFilter.php(40): CFilterChain->run()
#4 C:\xampp\htdocs\YiiApps\framework\web\CController.php(1145): CAccessControlFilter->filter()
#5 C:\xampp\htdocs\YiiApps\framework\web\filters\CInlineFilter.php(58): StatisticsController->filterAccessControl()
#6 C:\xampp\htdocs\YiiApps\framework\web\filters\CFilterChain.php(130): CInlineFilter->filter()
#7 C:\xampp\htdocs\YiiApps\framework\web\CController.php(291): CFilterChain->run()
#8 C:\xampp\htdocs\YiiApps\framework\web\CController.php(265): StatisticsController->runActionWithFilters()
#9 C:\xampp\htdocs\YiiApps\framework\web\CWebApplication.php(282): StatisticsController->run()
#10 C:\xampp\htdocs\YiiApps\framework\web\CWebApplication.php(141): CWebApplication->runController()
#11 C:\xampp\htdocs\YiiApps\framework\base\CApplication.php(184): CWebApplication->processRequest()
#12 C:\xampp\htdocs\mobarat\index.php(27): CWebApplication->run()
REQUEST_URI=/mobarat/index.php/Statistics/ProjectTypeStat?_=1771410576573
in C:\xampp\htdocs\mobarat\protected\controllers\StatisticsController.php (81)
in C:\xampp\htdocs\mobarat\index.php (27)
2026/02/18 11:29:55 [error] [php] Non-static method Project::projectStats() should not be called statically, assuming $this from incompatible context (C:\xampp\htdocs\mobarat\protected\controllers\StatisticsController.php:81)
Stack trace:
#0 C:\xampp\htdocs\YiiApps\framework\web\filters\CFilterChain.php(133): StatisticsController->runAction()
#1 C:\xampp\htdocs\YiiApps\framework\web\filters\CFilter.php(40): CFilterChain->run()
#2 C:\xampp\htdocs\YiiApps\framework\web\filters\CFilterChain.php(130): AdminFilter->filter()
#3 C:\xampp\htdocs\YiiApps\framework\web\filters\CFilter.php(40): CFilterChain->run()
#4 C:\xampp\htdocs\YiiApps\framework\web\CController.php(1145): CAccessControlFilter->filter()
#5 C:\xampp\htdocs\YiiApps\framework\web\filters\CInlineFilter.php(58): StatisticsController->filterAccessControl()
#6 C:\xampp\htdocs\YiiApps\framework\web\filters\CFilterChain.php(130): CInlineFilter->filter()
#7 C:\xampp\htdocs\YiiApps\framework\web\CController.php(291): CFilterChain->run()
#8 C:\xampp\htdocs\YiiApps\framework\web\CController.php(265): StatisticsController->runActionWithFilters()
#9 C:\xampp\htdocs\YiiApps\framework\web\CWebApplication.php(282): StatisticsController->run()
#10 C:\xampp\htdocs\YiiApps\framework\web\CWebApplication.php(141): CWebApplication->runController()
#11 C:\xampp\htdocs\YiiApps\framework\base\CApplication.php(184): CWebApplication->processRequest()
#12 C:\xampp\htdocs\mobarat\index.php(27): CWebApplication->run()
REQUEST_URI=/mobarat/index.php/Statistics/ProjectTypeStat?_=1771410593604
in C:\xampp\htdocs\mobarat\protected\controllers\StatisticsController.php (81)
in C:\xampp\htdocs\mobarat\index.php (27)
2026/02/18 11:33:49 [error] [php] Non-static method Project::projectStats() should not be called statically, assuming $this from incompatible context (C:\xampp\htdocs\mobarat\protected\controllers\StatisticsController.php:81)
Stack trace:
#0 C:\xampp\htdocs\YiiApps\framework\web\filters\CFilterChain.php(133): StatisticsController->runAction()
#1 C:\xampp\htdocs\YiiApps\framework\web\filters\CFilter.php(40): CFilterChain->run()
#2 C:\xampp\htdocs\YiiApps\framework\web\filters\CFilterChain.php(130): AdminFilter->filter()
#3 C:\xampp\htdocs\YiiApps\framework\web\filters\CFilter.php(40): CFilterChain->run()
#4 C:\xampp\htdocs\YiiApps\framework\web\CController.php(1145): CAccessControlFilter->filter()
#5 C:\xampp\htdocs\YiiApps\framework\web\filters\CInlineFilter.php(58): StatisticsController->filterAccessControl()
#6 C:\xampp\htdocs\YiiApps\framework\web\filters\CFilterChain.php(130): CInlineFilter->filter()
#7 C:\xampp\htdocs\YiiApps\framework\web\CController.php(291): CFilterChain->run()
#8 C:\xampp\htdocs\YiiApps\framework\web\CController.php(265): StatisticsController->runActionWithFilters()
#9 C:\xampp\htdocs\YiiApps\framework\web\CWebApplication.php(282): StatisticsController->run()
#10 C:\xampp\htdocs\YiiApps\framework\web\CWebApplication.php(141): CWebApplication->runController()
#11 C:\xampp\htdocs\YiiApps\framework\base\CApplication.php(184): CWebApplication->processRequest()
#12 C:\xampp\htdocs\mobarat\index.php(27): CWebApplication->run()
REQUEST_URI=/mobarat/index.php/Statistics/ProjectTypeStat?_=1771410828140
in C:\xampp\htdocs\mobarat\protected\controllers\StatisticsController.php (81)
in C:\xampp\htdocs\mobarat\index.php (27)
2026/02/18 11:33:56 [error] [php] Non-static method Project::projectStats() should not be called statically, assuming $this from incompatible context (C:\xampp\htdocs\mobarat\protected\controllers\StatisticsController.php:81)
Stack trace:
#0 C:\xampp\htdocs\YiiApps\framework\web\filters\CFilterChain.php(133): StatisticsController->runAction()
#1 C:\xampp\htdocs\YiiApps\framework\web\filters\CFilter.php(40): CFilterChain->run()
#2 C:\xampp\htdocs\YiiApps\framework\web\filters\CFilterChain.php(130): AdminFilter->filter()
#3 C:\xampp\htdocs\YiiApps\framework\web\filters\CFilter.php(40): CFilterChain->run()
#4 C:\xampp\htdocs\YiiApps\framework\web\CController.php(1145): CAccessControlFilter->filter()
#5 C:\xampp\htdocs\YiiApps\framework\web\filters\CInlineFilter.php(58): StatisticsController->filterAccessControl()
#6 C:\xampp\htdocs\YiiApps\framework\web\filters\CFilterChain.php(130): CInlineFilter->filter()
#7 C:\xampp\htdocs\YiiApps\framework\web\CController.php(291): CFilterChain->run()
#8 C:\xampp\htdocs\YiiApps\framework\web\CController.php(265): StatisticsController->runActionWithFilters()
#9 C:\xampp\htdocs\YiiApps\framework\web\CWebApplication.php(282): StatisticsController->run()
#10 C:\xampp\htdocs\YiiApps\framework\web\CWebApplication.php(141): CWebApplication->runController()
#11 C:\xampp\htdocs\YiiApps\framework\base\CApplication.php(184): CWebApplication->processRequest()
#12 C:\xampp\htdocs\mobarat\index.php(27): CWebApplication->run()
REQUEST_URI=/mobarat/index.php/Statistics/ProjectTypeStat?_=1771410828142
in C:\xampp\htdocs\mobarat\protected\controllers\StatisticsController.php (81)
in C:\xampp\htdocs\mobarat\index.php (27)
2026/02/23 11:56:39 [error] [php] Undefined offset: 0 (C:\xampp\htdocs\mobarat\protected\controllers\ParticipantController.php:81)
Stack trace:
#0 C:\xampp\htdocs\YiiApps\framework\web\CController.php(286): ParticipantController->runAction()
#1 C:\xampp\htdocs\YiiApps\framework\web\CController.php(265): ParticipantController->runActionWithFilters()
#2 C:\xampp\htdocs\YiiApps\framework\web\CWebApplication.php(282): ParticipantController->run()
#3 C:\xampp\htdocs\YiiApps\framework\web\CWebApplication.php(141): CWebApplication->runController()
#4 C:\xampp\htdocs\YiiApps\framework\base\CApplication.php(184): CWebApplication->processRequest()
#5 C:\xampp\htdocs\mobarat\index.php(27): CWebApplication->run()
REQUEST_URI=/mobarat/index.php/Participant/index
in C:\xampp\htdocs\mobarat\protected\controllers\ParticipantController.php (81)
in C:\xampp\htdocs\mobarat\index.php (27)
2026/02/23 11:56:41 [error] [php] Undefined offset: 0 (C:\xampp\htdocs\mobarat\protected\controllers\ParticipantController.php:81)
Stack trace:
#0 C:\xampp\htdocs\YiiApps\framework\web\CController.php(286): ParticipantController->runAction()
#1 C:\xampp\htdocs\YiiApps\framework\web\CController.php(265): ParticipantController->runActionWithFilters()
#2 C:\xampp\htdocs\YiiApps\framework\web\CWebApplication.php(282): ParticipantController->run()
#3 C:\xampp\htdocs\YiiApps\framework\web\CWebApplication.php(141): CWebApplication->runController()
#4 C:\xampp\htdocs\YiiApps\framework\base\CApplication.php(184): CWebApplication->processRequest()
#5 C:\xampp\htdocs\mobarat\index.php(27): CWebApplication->run()
REQUEST_URI=/mobarat/index.php/Participant/index
in C:\xampp\htdocs\mobarat\protected\controllers\ParticipantController.php (81)
in C:\xampp\htdocs\mobarat\index.php (27)
2026/02/23 11:56:42 [error] [php] Undefined offset: 0 (C:\xampp\htdocs\mobarat\protected\controllers\ParticipantController.php:81)
Stack trace:
#0 C:\xampp\htdocs\YiiApps\framework\web\CController.php(286): ParticipantController->runAction()
#1 C:\xampp\htdocs\YiiApps\framework\web\CController.php(265): ParticipantController->runActionWithFilters()
#2 C:\xampp\htdocs\YiiApps\framework\web\CWebApplication.php(282): ParticipantController->run()
#3 C:\xampp\htdocs\YiiApps\framework\web\CWebApplication.php(141): CWebApplication->runController()
#4 C:\xampp\htdocs\YiiApps\framework\base\CApplication.php(184): CWebApplication->processRequest()
#5 C:\xampp\htdocs\mobarat\index.php(27): CWebApplication->run()
REQUEST_URI=/mobarat/index.php/Participant/index
in C:\xampp\htdocs\mobarat\protected\controllers\ParticipantController.php (81)
in C:\xampp\htdocs\mobarat\index.php (27)
